vga.h:33:23:vga_color_byte	8	static
vga.h:44:24:vga_case	16	static
console.c:53:13:write_char	44	dynamic,bounded
console.c:67:6:clear_console	44	dynamic,bounded
console.c:84:6:init_console	24	dynamic,bounded
console.c:99:13:place_curseur	48	dynamic,bounded
console.c:109:13:console_scroll	32	dynamic,bounded
console.c:130:13:new_line	16	static
console.c:145:13:handle_char	64	dynamic,bounded
console.c:195:6:console_putbytes	48	dynamic,bounded
console.c:207:6:console_write	48	dynamic,bounded
console.c:223:6:console_write_color	48	dynamic,bounded
console.c:246:6:console_write_hour	48	dynamic,bounded
