malloc.h:14:7:sbrk	24	static
malloc.c:685:12:largebin_index	28	static
malloc.c:985:13:malloc_init_state	24	static
malloc.c:1379:16:sYSMALLOc	96	dynamic,bounded
malloc.c:1814:12:sYSTRIm	44	dynamic,bounded
malloc.c:1876:9:malloc	96	dynamic,bounded
malloc.c:2229:6:free	80	dynamic,bounded
malloc.c:2397:13:malloc_consolidate	76	dynamic,bounded
malloc.c:2500:9:realloc	96	dynamic,bounded
malloc.c:2726:9:memalign	80	dynamic,bounded
malloc.c:2831:9:calloc	64	dynamic,bounded
malloc.c:2900:6:cfree	32	dynamic,bounded
malloc.c:2913:10:independent_calloc	48	dynamic,bounded
malloc.c:2928:10:independent_comalloc	32	dynamic,bounded
malloc.c:2949:17:iALLOc	80	dynamic,bounded
malloc.c:3073:9:valloc	48	dynamic,bounded
malloc.c:3090:9:pvalloc	48	dynamic,bounded
malloc.c:3110:5:malloc_trim	32	dynamic,bounded
malloc.c:3132:8:malloc_usable_size	24	static
malloc.c:3152:17:mallinfo	92	dynamic,bounded
malloc.c:3212:6:malloc_stats	80	dynamic,bounded
malloc.c:3256:5:mallopt	28	dynamic,bounded
malloc.c:4089:13:mem_bug	32	dynamic,bounded
malloc.c:4095:7:mem_alloc	48	dynamic,bounded
malloc.c:4115:6:mem_free	48	dynamic,bounded
malloc.c:4130:6:mem_free_nolength	32	dynamic,bounded
