cpu.h:41:24:cli	8	static
cpu.h:46:24:sti	8	static
cpu.h:51:24:hlt	8	static
processus.c:10:6:print_process	64	dynamic,bounded
processus.c:14:11:create_pqueue	48	dynamic,bounded
processus.c:23:12:peek	8	static
processus.c:27:12:pop	24	static
processus.c:33:6:push	24	static
processus.c:53:5:is_empty	8	static
processus.c:57:6:print_queue	48	dynamic,bounded
processus.c:83:21:get_active_name	8	static
processus.c:93:23:get_active_pid	8	static
processus.c:106:6:round_robin_scheduler	160	dynamic,bounded
processus.c:140:6:priority_scheduler	64	dynamic,bounded
processus.c:181:6:scheduler	16	static
processus.c:185:5:round_robin_sleep	32	static
processus.c:198:5:priority_sleep	48	dynamic,bounded
processus.c:219:5:sleep	32	dynamic,bounded
processus.c:223:6:round_robin_kill	16	static
processus.c:228:6:priority_kill	24	dynamic,bounded
processus.c:234:6:kill	16	static
processus.c:238:6:idle	32	dynamic,bounded
processus.c:259:6:proc1	48	dynamic,bounded
processus.c:294:6:proc2	32	dynamic,bounded
processus.c:305:6:proc3	32	dynamic,bounded
processus.c:316:6:proc4	8	static
processus.c:326:6:proc5	8	static
processus.c:336:6:proc6	8	static
processus.c:346:6:proc7	32	dynamic,bounded
processus.c:356:9:cree_processus_round_robin	48	dynamic,bounded
processus.c:381:9:cree_processus_priority	48	dynamic,bounded
processus.c:417:9:cree_processus	32	dynamic,bounded
processus.c:446:6:init_processes	48	dynamic,bounded
