cpu.h:41:24:cli	8	static
cpu.h:46:24:sti	8	static
cpu.h:51:24:hlt	8	static
processus.c:20:21:get_active_name	8	static
processus.c:27:23:get_active_pid	8	static
processus.c:37:6:scheduler	112	dynamic,bounded
processus.c:53:6:idle	64	dynamic,bounded
processus.c:74:13:proc1	48	dynamic,bounded
processus.c:94:13:proc2	48	dynamic,bounded
processus.c:104:13:proc3	48	dynamic,bounded
processus.c:114:13:proc4	48	dynamic,bounded
processus.c:124:13:proc5	48	dynamic,bounded
processus.c:134:13:proc6	48	dynamic,bounded
processus.c:144:13:proc7	48	dynamic,bounded
processus.c:162:9:cree_processus	48	dynamic,bounded
processus.c:188:6:init_processes	48	dynamic,bounded
