cpu.h:41:24:cli	8	static
cpu.h:46:24:sti	8	static
cpu.h:51:24:hlt	8	static
processus.c:21:21:get_active_name	8	static
processus.c:28:23:get_active_pid	8	static
processus.c:38:6:scheduler	160	dynamic,bounded
processus.c:71:6:sleep	32	static
processus.c:79:6:kill	16	static
processus.c:84:6:idle	8	static
processus.c:105:13:proc1	64	dynamic,bounded
processus.c:129:13:proc2	48	dynamic,bounded
processus.c:140:13:proc3	48	dynamic,bounded
processus.c:151:13:proc4	8	static
processus.c:161:13:proc5	8	static
processus.c:171:13:proc6	8	static
processus.c:181:13:proc7	8	static
processus.c:199:9:cree_processus	48	dynamic,bounded
processus.c:226:6:init_processes	48	dynamic,bounded
