string.c:24:7:memccpy	24	static
string.c:44:7:memchr	24	static
string.c:62:7:memrchr	24	static
string.c:79:5:memcmp	24	static
string.c:97:7:memcpy	36	static
string.c:125:7:memmove	32	static
string.c:160:7:memset	32	static
string.c:189:8:__strxspn	292	dynamic,bounded
string.c:220:7:memmem	52	dynamic,bounded
string.c:266:6:memswap	24	static
string.c:286:7:strcat	32	dynamic,bounded
string.c:296:7:strchr	8	static
string.c:312:7:strrchr	24	static
string.c:330:5:strcmp	24	static
string.c:352:7:strcpy	24	static
string.c:367:8:strcspn	20	dynamic,bounded
string.c:376:8:strlen	24	static
string.c:388:8:strnlen	24	static
string.c:405:7:strncat	32	dynamic,bounded
string.c:425:8:strlcat	28	dynamic,bounded
string.c:454:5:strncmp	24	static
string.c:474:7:strncpy	36	dynamic,bounded
string.c:495:7:strpbrk	36	dynamic,bounded
string.c:506:7:strsep	32	dynamic,bounded
string.c:524:8:strspn	20	dynamic,bounded
string.c:533:7:strstr	28	dynamic,bounded
string.c:543:7:strtok	16	dynamic,bounded
